I'm sorry, but errors were detected in your script. Please correct the
errors listed below, and try again.


File "game/options.rpy", line 43: expected statement.
    config.main_menu_music = "generic.wav"
                           ^

Ren'Py Version: Ren'Py 6.99.12.3.2123
